{"type":"system","subtype":"init","cwd":"C:\\Users\\ryosu\\repos\\spec-workflow-runner","session_id":"88285106-2ccb-48ab-ae42-e2c33177a5da","tools":["Task","TaskOutput","Bash","Glob","Grep","ExitPlanMode","Read","Edit","Write","NotebookEdit","WebFetch","TodoWrite","WebSearch","TaskStop","AskUserQuestion","Skill","EnterPlanMode","ToolSearch","mcp__spec-workflow__spec-workflow-guide","mcp__spec-workflow__steering-guide","mcp__spec-workflow__spec-status","mcp__spec-workflow__approvals","mcp__spec-workflow__log-implementation"],"mcp_servers":[{"name":"spec-workflow","status":"connected"}],"model":"claude-sonnet-4-5-20250929","permissionMode":"bypassPermissions","slash_commands":["keybindings-help","compact","context","cost","init","pr-comments","release-notes","review","security-review","mcp__spec-workflow__create-spec","mcp__spec-workflow__create-steering-doc","mcp__spec-workflow__implement-task","mcp__spec-workflow__spec-status","mcp__spec-workflow__inject-spec-workflow-guide","mcp__spec-workflow__inject-steering-guide","mcp__spec-workflow__refresh-tasks"],"apiKeySource":"none","claude_code_version":"2.1.23","output_style":"default","agents":["Bash","general-purpose","statusline-setup","Explore","Plan","claude-code-guide"],"skills":["keybindings-help"],"plugins":[{"name":"rust-analyzer-lsp","path":"C:\\Users\\ryosu\\.claude\\plugins\\cache\\claude-plugins-official\\rust-analyzer-lsp\\1.0.0"}],"uuid":"6b159c47-d301-4271-bb35-f8803bddf952"}
{"type":"assistant","message":{"model":"claude-sonnet-4-5-20250929","id":"msg_014shFhengCs8SmEWUns6prP","type":"message","role":"assistant","content":[{"type":"text","text":"I understand - this is a test prompt to verify that I'm receiving and processing messages correctly.\n\nI can confirm that I:\n1. Received your test message\n2. Have access to the spec-workflow-runner repository context\n3. Can see the git status showing untracked files (test_exact_command.py and test_output.log)\n4. Have loaded the Claude development guidelines from both global and project CLAUDE.md files\n5. Am ready to assist with tasks\n\nHow can I help you with the spec-workflow-runner project?"}],"stop_reason":null,"stop_sequence":null,"usage":{"input_tokens":3,"cache_creation_input_tokens":4386,"cache_read_input_tokens":19057,"cache_creation":{"ephemeral_5m_input_tokens":0,"ephemeral_1h_input_tokens":4386},"output_tokens":3,"service_tier":"standard"},"context_management":null},"parent_tool_use_id":null,"session_id":"88285106-2ccb-48ab-ae42-e2c33177a5da","uuid":"a32292fe-4f92-4b98-870b-307201c72971"}
{"type":"result","subtype":"success","is_error":false,"duration_ms":5695,"duration_api_ms":5243,"num_turns":1,"result":"I understand - this is a test prompt to verify that I'm receiving and processing messages correctly.\n\nI can confirm that I:\n1. Received your test message\n2. Have access to the spec-workflow-runner repository context\n3. Can see the git status showing untracked files (test_exact_command.py and test_output.log)\n4. Have loaded the Claude development guidelines from both global and project CLAUDE.md files\n5. Am ready to assist with tasks\n\nHow can I help you with the spec-workflow-runner project?","session_id":"88285106-2ccb-48ab-ae42-e2c33177a5da","total_cost_usd":0.0240036,"usage":{"input_tokens":3,"cache_creation_input_tokens":4386,"cache_read_input_tokens":19057,"output_tokens":122,"server_tool_use":{"web_search_requests":0,"web_fetch_requests":0},"service_tier":"standard","cache_creation":{"ephemeral_1h_input_tokens":4386,"ephemeral_5m_input_tokens":0}},"modelUsage":{"claude-sonnet-4-5-20250929":{"inputTokens":3,"outputTokens":122,"cacheReadInputTokens":19057,"cacheCreationInputTokens":4386,"webSearchRequests":0,"costUSD":0.0240036,"contextWindow":200000,"maxOutputTokens":64000}},"permission_denials":[],"uuid":"ed2b5a91-512c-4dee-965b-364cfeaf3358"}
